// Vitest Snapshot v1, https://vitest.dev/guide/snapshot.html

exports[`Programmable API 1`] = `
"- 1 file (0 file passed, 1 file failed) checked.
- 1 problem (1 error, 0 warning) found.
╔══════════════╤═══════╤═════════╤════════════╤═════════════════╗
║ Rule         │ Error │ Warning │ is fixable │ has suggestions ║
╟──────────────┼───────┼─────────┼────────────┼─────────────────╢
║ prefer-const │ 1     │ 0       │ 1          │ 0               ║
╚══════════════╧═══════╧═════════╧════════════╧═════════════════╝
"
`;

exports[`Programmable API 2`] = `
[
  {
    "errorCount": 1,
    "hasSuggestionsCount": 0,
    "hasSuggestionsErrorCount": 0,
    "hasSuggestionsWarningCount": 0,
    "isFixableCount": 1,
    "isFixableErrorCount": 1,
    "isFixableWarningCount": 0,
    "ruleId": "prefer-const",
    "warningCount": 0,
  },
]
`;

exports[`Programmable API 3`] = `"const a = 1;"`;
